// Vitest Snapshot v1, https://vitest.dev/guide/snapshot.html

exports[`LandingPage > snapshot > matches the rendered landing markup 1`] = `
<div
  class="flex min-h-screen flex-col bg-slate-50 text-slate-800 dark:bg-slate-900 dark:text-slate-200"
>
  <header
    class="border-b border-slate-200 bg-white dark:border-slate-700 dark:bg-slate-800"
  >
    <div
      class="mx-auto flex max-w-6xl items-center justify-between px-4 py-4"
    >
      <a
        aria-label="Vidyapeeth home"
        class="flex items-center text-brand"
        href="#top"
      >
        <svg
          aria-label="Vidyapeeth"
          class="h-8 w-auto"
          role="img"
          viewBox="0 0 200 40"
          xmlns="http://www.w3.org/2000/svg"
        >
          <g
            fill="none"
            stroke="currentColor"
            stroke-linecap="round"
            stroke-linejoin="round"
            stroke-width="3"
          >
            <path
              d="M20 15 L4 22 L20 29 L36 22 Z"
            />
            <path
              d="M36 22 L36 30"
            />
            <circle
              cx="36"
              cy="32"
              fill="currentColor"
              r="1.6"
              stroke="none"
            />
            <path
              d="M8 26 L8 33 C12 30 16 30 20 32 C24 30 28 30 32 33 L32 26"
            />
          </g>
          <text
            fill="currentColor"
            font-family="ui-sans-serif, system-ui, -apple-system, 'Segoe UI', Roboto, sans-serif"
            font-size="24"
            font-weight="700"
            letter-spacing="-0.5"
            x="48"
            y="27"
          >
            Vidyapeeth
          </text>
        </svg>
      </a>
      <nav
        aria-label="Primary"
        class="flex items-center gap-3"
      >
        <a
          class="hidden text-sm font-medium text-slate-600 hover:text-brand dark:text-slate-300 sm:inline"
          href="#features"
        >
          Features
        </a>
        <button
          class="inline-flex items-center justify-center gap-2 rounded-lg px-4 py-2 text-sm font-medium transition disabled:opacity-50 disabled:cursor-not-allowed text-slate-600 hover:bg-slate-100 dark:text-slate-300 dark:hover:bg-slate-800 "
          type="button"
        >
          Log in
        </button>
        <button
          class="inline-flex items-center justify-center gap-2 rounded-lg px-4 py-2 text-sm font-medium transition disabled:opacity-50 disabled:cursor-not-allowed bg-brand text-white hover:bg-brand-dark "
          type="button"
        >
          Sign up
        </button>
        <button
          aria-label="Switch to dark mode"
          aria-pressed="false"
          class="inline-flex h-9 w-9 items-center justify-center rounded-md border border-slate-300 text-slate-700 hover:bg-slate-100 dark:border-slate-600 dark:text-slate-200 dark:hover:bg-slate-800 "
          title="Switch to dark mode"
          type="button"
        >
          <svg
            aria-hidden="true"
            class="h-5 w-5"
            fill="none"
            stroke="currentColor"
            stroke-linecap="round"
            stroke-linejoin="round"
            stroke-width="2"
            viewBox="0 0 24 24"
            xmlns="http://www.w3.org/2000/svg"
          >
            <path
              d="M21 12.79A9 9 0 1 1 11.21 3 7 7 0 0 0 21 12.79z"
            />
          </svg>
        </button>
      </nav>
    </div>
  </header>
  <main
    class="flex-1"
    id="top"
  >
    <section
      aria-labelledby="hero-heading"
      class="border-b border-slate-200 bg-white dark:border-slate-700 dark:bg-slate-800"
    >
      <div
        class="mx-auto grid max-w-6xl items-center gap-10 px-4 py-14 md:grid-cols-2"
      >
        <div>
          <p
            class="mb-3 text-sm font-semibold uppercase tracking-wide text-brand"
          >
            Vidyapeeth
          </p>
          <h1
            class="text-3xl font-bold leading-tight text-slate-900 dark:text-white sm:text-4xl"
            id="hero-heading"
          >
            The mock test platform for coaching institutes
          </h1>
          <p
            class="mt-4 text-lg text-slate-600 dark:text-slate-300"
          >
            Vidyapeeth is a multi-tenant exam platform that gives every coaching institute in India its own branded portal to create tests, manage batches of students, and deliver auto-graded mock exams with instant results.
          </p>
          <div
            class="mt-6 flex flex-wrap gap-3"
          >
            <button
              class="inline-flex items-center justify-center gap-2 rounded-lg px-4 py-2 text-sm font-medium transition disabled:opacity-50 disabled:cursor-not-allowed bg-brand text-white hover:bg-brand-dark "
              type="button"
            >
              Create your student account
            </button>
            <button
              class="inline-flex items-center justify-center gap-2 rounded-lg px-4 py-2 text-sm font-medium transition disabled:opacity-50 disabled:cursor-not-allowed bg-white text-slate-700 border border-slate-300 hover:bg-slate-50 dark:bg-slate-800 dark:text-slate-200 dark:border-slate-600 dark:hover:bg-slate-700 "
              type="button"
            >
              Log in
            </button>
          </div>
          <p
            class="mt-4 text-sm text-slate-500 dark:text-slate-400"
          >
            Run a coaching institute?
             
            <a
              class="font-medium text-brand hover:underline"
              href="mailto:vidyapeeth.in@gmail.com"
            >
              Get in touch
            </a>
             
            to set up your institute portal.
          </p>
        </div>
        <div
          class="w-full"
          id="auth"
        >
          <div
            class="rounded-xl border border-slate-200 bg-white shadow-sm dark:border-slate-700 dark:bg-slate-800 "
          >
            <div
              class="p-5 "
            >
              <div
                class="mb-4"
              >
                <h2
                  class="text-xl font-semibold text-slate-800 dark:text-slate-100"
                >
                  Create your student account
                </h2>
                <p
                  class="text-sm text-slate-500 dark:text-slate-400"
                >
                  Join your institute using the code they gave you.
                </p>
              </div>
              <form
                class="space-y-4"
              >
                <label
                  class="block"
                >
                  <span
                    class="mb-1 block text-sm font-medium text-slate-700 dark:text-slate-200"
                  >
                    Institute code
                  </span>
                  <input
                    class="w-full rounded-lg border border-slate-300 px-3 py-2 text-sm outline-none focus:border-brand focus:ring-2 focus:ring-brand/30 dark:border-slate-600 dark:bg-slate-900 dark:text-slate-100 dark:placeholder:text-slate-500 "
                    placeholder="e.g. demo (from your institute)"
                    required=""
                    value=""
                  />
                </label>
                <label
                  class="block"
                >
                  <span
                    class="mb-1 block text-sm font-medium text-slate-700 dark:text-slate-200"
                  >
                    Full name
                  </span>
                  <input
                    class="w-full rounded-lg border border-slate-300 px-3 py-2 text-sm outline-none focus:border-brand focus:ring-2 focus:ring-brand/30 dark:border-slate-600 dark:bg-slate-900 dark:text-slate-100 dark:placeholder:text-slate-500 "
                    required=""
                    value=""
                  />
                </label>
                <label
                  class="block"
                >
                  <span
                    class="mb-1 block text-sm font-medium text-slate-700 dark:text-slate-200"
                  >
                    Email
                  </span>
                  <input
                    class="w-full rounded-lg border border-slate-300 px-3 py-2 text-sm outline-none focus:border-brand focus:ring-2 focus:ring-brand/30 dark:border-slate-600 dark:bg-slate-900 dark:text-slate-100 dark:placeholder:text-slate-500 "
                    required=""
                    type="email"
                    value=""
                  />
                </label>
                <label
                  class="block"
                >
                  <span
                    class="mb-1 block text-sm font-medium text-slate-700 dark:text-slate-200"
                  >
                    Password
                  </span>
                  <input
                    class="w-full rounded-lg border border-slate-300 px-3 py-2 text-sm outline-none focus:border-brand focus:ring-2 focus:ring-brand/30 dark:border-slate-600 dark:bg-slate-900 dark:text-slate-100 dark:placeholder:text-slate-500 "
                    required=""
                    type="password"
                    value=""
                  />
                </label>
                <button
                  class="inline-flex items-center justify-center gap-2 rounded-lg px-4 py-2 text-sm font-medium transition disabled:opacity-50 disabled:cursor-not-allowed bg-brand text-white hover:bg-brand-dark w-full"
                  type="submit"
                >
                  Create student account
                </button>
              </form>
              <div
                class="mt-4 text-center text-sm text-slate-500 dark:text-slate-400"
              >
                <button
                  class="text-brand hover:underline"
                  type="button"
                >
                  Already have an account? Log in
                </button>
              </div>
            </div>
          </div>
        </div>
      </div>
    </section>
    <section
      aria-labelledby="about-heading"
      class="mx-auto max-w-6xl px-4 py-14"
    >
      <h2
        class="text-2xl font-bold text-slate-900 dark:text-white"
        id="about-heading"
      >
        Built for coaching institutes and their students
      </h2>
      <p
        class="mt-3 max-w-3xl text-slate-600 dark:text-slate-300"
      >
        Vidyapeeth is a "Shopify for coaching centers" — a software-as-a-service platform where each institute runs its own branded exam portal. Institute admins design mock tests and manage students; students practise, attempt timed tests, and see exactly where they stand.
      </p>
    </section>
    <section
      aria-labelledby="features-heading"
      class="border-t border-slate-200 bg-white dark:border-slate-700 dark:bg-slate-800"
      id="features"
    >
      <div
        class="mx-auto max-w-6xl px-4 py-14"
      >
        <h2
          class="text-2xl font-bold text-slate-900 dark:text-white"
          id="features-heading"
        >
          Everything you need to run online mock tests
        </h2>
        <p
          class="mt-3 max-w-3xl text-slate-600 dark:text-slate-300"
        >
          A complete mock test platform for coaching institutes: from a reusable question bank to timed, sectioned exams and instant, auto-graded results.
        </p>
        <ul
          class="mt-8 grid gap-6 sm:grid-cols-2 lg:grid-cols-3"
        >
          <li>
            <div
              class="rounded-xl border border-slate-200 bg-white shadow-sm dark:border-slate-700 dark:bg-slate-800 h-full"
            >
              <div
                class="p-5 "
              >
                <h3
                  class="text-base font-semibold text-slate-800 dark:text-slate-100"
                >
                  Reusable question bank
                </h3>
                <p
                  class="mt-2 text-sm text-slate-600 dark:text-slate-300"
                >
                  Build a per-institute bank of questions once and reuse them across many mock tests by reference — edit a question and every test that uses it stays in sync.
                </p>
              </div>
            </div>
          </li>
          <li>
            <div
              class="rounded-xl border border-slate-200 bg-white shadow-sm dark:border-slate-700 dark:bg-slate-800 h-full"
            >
              <div
                class="p-5 "
              >
                <h3
                  class="text-base font-semibold text-slate-800 dark:text-slate-100"
                >
                  Timed sections
                </h3>
                <p
                  class="mt-2 text-sm text-slate-600 dark:text-slate-300"
                >
                  Organize each test into labeled sections while the whole attempt runs on a single overall timer, just like real competitive exams.
                </p>
              </div>
            </div>
          </li>
          <li>
            <div
              class="rounded-xl border border-slate-200 bg-white shadow-sm dark:border-slate-700 dark:bg-slate-800 h-full"
            >
              <div
                class="p-5 "
              >
                <h3
                  class="text-base font-semibold text-slate-800 dark:text-slate-100"
                >
                  Image-based questions
                </h3>
                <p
                  class="mt-2 text-sm text-slate-600 dark:text-slate-300"
                >
                  Attach diagrams and figures to questions so you can set up physics, chemistry, and aptitude problems that need a visual.
                </p>
              </div>
            </div>
          </li>
          <li>
            <div
              class="rounded-xl border border-slate-200 bg-white shadow-sm dark:border-slate-700 dark:bg-slate-800 h-full"
            >
              <div
                class="p-5 "
              >
                <h3
                  class="text-base font-semibold text-slate-800 dark:text-slate-100"
                >
                  Instant results & leaderboards
                </h3>
                <p
                  class="mt-2 text-sm text-slate-600 dark:text-slate-300"
                >
                  Auto-graded attempts give students immediate scores and ranks, while admins track batch and per-student performance.
                </p>
              </div>
            </div>
          </li>
          <li>
            <div
              class="rounded-xl border border-slate-200 bg-white shadow-sm dark:border-slate-700 dark:bg-slate-800 h-full"
            >
              <div
                class="p-5 "
              >
                <h3
                  class="text-base font-semibold text-slate-800 dark:text-slate-100"
                >
                  Batches & students
                </h3>
                <p
                  class="mt-2 text-sm text-slate-600 dark:text-slate-300"
                >
                  Group students into batches, assign tests, and manage enrollments from one place.
                </p>
              </div>
            </div>
          </li>
          <li>
            <div
              class="rounded-xl border border-slate-200 bg-white shadow-sm dark:border-slate-700 dark:bg-slate-800 h-full"
            >
              <div
                class="p-5 "
              >
                <h3
                  class="text-base font-semibold text-slate-800 dark:text-slate-100"
                >
                  Your own branded portal
                </h3>
                <p
                  class="mt-2 text-sm text-slate-600 dark:text-slate-300"
                >
                  Every institute gets a branded subdomain with its own logo and colors — a mock test platform that feels like yours.
                </p>
              </div>
            </div>
          </li>
        </ul>
      </div>
    </section>
  </main>
  <footer
    class="border-t border-slate-200 bg-white dark:border-slate-700 dark:bg-slate-800"
  >
    <div
      class="mx-auto flex max-w-6xl flex-col items-start justify-between gap-4 px-4 py-8 sm:flex-row sm:items-center"
    >
      <div
        class="flex items-center gap-3 text-slate-500 dark:text-slate-400"
      >
        <svg
          aria-label="Vidyapeeth"
          class="h-7 w-7 text-brand"
          role="img"
          viewBox="0 0 40 40"
          xmlns="http://www.w3.org/2000/svg"
        >
          <g
            fill="none"
            stroke="currentColor"
            stroke-linecap="round"
            stroke-linejoin="round"
            stroke-width="3"
          >
            <title>
              Vidyapeeth
            </title>
            <path
              d="M20 15 L4 22 L20 29 L36 22 Z"
            />
            <path
              d="M36 22 L36 30"
            />
            <circle
              cx="36"
              cy="32"
              fill="currentColor"
              r="1.6"
              stroke="none"
            />
            <path
              d="M8 26 L8 33 C12 30 16 30 20 32 C24 30 28 30 32 33 L32 26"
            />
          </g>
        </svg>
        <span
          class="text-sm"
        >
          © 
          2026
           Vidyapeeth
        </span>
      </div>
      <p
        class="text-sm text-slate-600 dark:text-slate-300"
      >
        Institute sign-up requests and queries:
         
        <a
          class="font-medium text-brand hover:underline"
          href="mailto:vidyapeeth.in@gmail.com"
        >
          vidyapeeth.in@gmail.com
        </a>
      </p>
    </div>
  </footer>
</div>
`;
